../Core/Src/main.c:80:5:RandomInt	24	static
../Core/Src/main.c:85:6:PowerIMUOn	32	static
../Core/Src/main.c:90:9:GetIMUAccelX	32	static
../Core/Src/main.c:103:5:DetectCardShake	8	static
../Core/Src/main.c:113:5:VerifyIMU	32	static
../Core/Src/main.c:125:6:OneHotEncodeLED	32	static
../Core/Src/main.c:188:5:main	16	static
../Core/Src/main.c:248:6:SystemClock_Config	96	static
../Core/Src/main.c:291:13:MX_I2C1_Init	8	static
../Core/Src/main.c:339:13:MX_GPIO_Init	48	static
../Core/Src/main.c:401:6:Error_Handler	8	static,ignoring_inline_asm
